{"ID":1,"UserID":1,"Email":"alice@example.com","IsActivated":false}
{"ID":2,"UserID":2,"Email":"bob@example.com","IsActivated":true}
