{"RepoID":1,"OID":"ef797c8118f02dfb649607dd5d3f8c7623048c9c063d532cc95c5ed7a898a64f","Size":100,"Storage":"local","CreatedAt":"2020-05-04T05:08:06Z"}
{"RepoID":2,"OID":"ef797c8118f02dfb649607dd5d3f8c7623048c9c063d532cc95c5ed7a898a64f","Size":100,"Storage":"local","CreatedAt":"2020-05-04T05:08:06Z"}
