{"ID":1,"Type":1,"Description":"This is a notice","CreatedUnix":1588568886}
