{"ID":1,"UserID":1,"Name":"test1","Sha1":"56ed62d55225e9ae1275b1c4aa6e3de62f44e730","CreatedUnix":1588568886,"UpdatedUnix":1588572486}
{"ID":2,"UserID":1,"Name":"test2","Sha1":"16fb74941e834e057d11c59db5d81cdae15be794","CreatedUnix":1588568886,"UpdatedUnix":0}
{"ID":3,"UserID":2,"Name":"test1","Sha1":"09f170f4ee70ba035587f7df8319b2a3a3d2b74a","CreatedUnix":1588568886,"UpdatedUnix":0}
