{"ID":1,"UserID":1,"FollowID":2}
{"ID":2,"UserID":2,"FollowID":1}
