{"ID":1,"Uid":1,"OrgID":11,"IsPublic":true,"IsOwner":true,"NumTeams":3}
{"ID":2,"Uid":2,"OrgID":11,"IsPublic":false,"IsOwner":false,"NumTeams":0}
